Build workspace: /var/folders/37/s0s6qm2x3cx1mdsr_fv0y1pr0000gn/T/rive-android-check-1aw0rkdf
> Task :gradle-plugin:react-native-gradle-plugin:checkKotlinGradlePluginConfigurationErrors SKIPPED
> Task :gradle-plugin:shared:checkKotlinGradlePluginConfigurationErrors SKIPPED
> Task :gradle-plugin:shared:compileKotlin UP-TO-DATE
> Task :gradle-plugin:shared:compileJava NO-SOURCE
> Task :gradle-plugin:shared:processResources NO-SOURCE
> Task :gradle-plugin:shared:classes UP-TO-DATE
> Task :gradle-plugin:shared:jar UP-TO-DATE
> Task :gradle-plugin:react-native-gradle-plugin:compileKotlin UP-TO-DATE
> Task :gradle-plugin:react-native-gradle-plugin:compileJava NO-SOURCE
> Task :gradle-plugin:react-native-gradle-plugin:pluginDescriptors UP-TO-DATE
> Task :gradle-plugin:react-native-gradle-plugin:processResources UP-TO-DATE
> Task :gradle-plugin:react-native-gradle-plugin:classes UP-TO-DATE
> Task :gradle-plugin:react-native-gradle-plugin:jar UP-TO-DATE

> Configure project :nitro-canvas
WARNING: The option setting 'android.builtInKotlin=false' is deprecated.
The current default is 'true'.
It will be removed in version 10.0 of the Android Gradle plugin.
WARNING: The option setting 'android.newDsl=false' is deprecated.
The current default is 'true'.
It will be removed in version 10.0 of the Android Gradle plugin.
WARNING: API 'libraryVariants' is obsolete and has been replaced with 'AndroidComponentsExtension'.
It will be removed in version 10.0 of the Android Gradle plugin.
The legacy variant API is disabled by default in AGP 9.0, but can be re-enabled by adding 
    android.newDsl=false
to this project's gradle.properties file.
For more information, see http://developer.android.com/build/r/new-dsl.

To determine what is calling libraryVariants, use -Pandroid.debug.obsoleteApi=true on the command line to display more information.
WARNING: API 'testVariants' is obsolete and has been replaced with 'AndroidComponentsExtension'.
It will be removed in version 10.0 of the Android Gradle plugin.
The legacy variant API is disabled by default in AGP 9.0, but can be re-enabled by adding 
    android.newDsl=false
to this project's gradle.properties file.
For more information, see http://developer.android.com/build/r/new-dsl.

To determine what is calling testVariants, use -Pandroid.debug.obsoleteApi=true on the command line to display more information.
WARNING: API 'unitTestVariants' is obsolete and has been replaced with 'AndroidComponentsExtension'.
It will be removed in version 10.0 of the Android Gradle plugin.
The legacy variant API is disabled by default in AGP 9.0, but can be re-enabled by adding 
    android.newDsl=false
to this project's gradle.properties file.
For more information, see http://developer.android.com/build/r/new-dsl.

To determine what is calling unitTestVariants, use -Pandroid.debug.obsoleteApi=true on the command line to display more information.
[NitroModules] 🔥 NitroCanvasInVision is boosted by nitro!
w: ⚠️ Deprecated 'org.jetbrains.kotlin.android' plugin usage
The 'org.jetbrains.kotlin.android' plugin in project ':nitro-canvas' is no longer required for Kotlin support since AGP 9.0.
Solution: Remove both `android.builtInKotlin=true` and `android.newDsl=false` from `gradle.properties`, then migrate to built-in Kotlin.
See https://kotl.in/gradle/agp-built-in-kotlin for more details.


> Configure project :react-native-nitro-modules
[NitroModules] 🔥 Your app is boosted by nitro modules!
w: ⚠️ Deprecated 'org.jetbrains.kotlin.android' plugin usage
The 'org.jetbrains.kotlin.android' plugin in project ':react-native-nitro-modules' is no longer required for Kotlin support since AGP 9.0.
Solution: Remove both `android.builtInKotlin=true` and `android.newDsl=false` from `gradle.properties`, then migrate to built-in Kotlin.
See https://kotl.in/gradle/agp-built-in-kotlin for more details.


> Configure project :viro_bridge
w: ⚠️ Deprecated 'org.jetbrains.kotlin.android' plugin usage
The 'org.jetbrains.kotlin.android' plugin in project ':viro_bridge' is no longer required for Kotlin support since AGP 9.0.
Solution: Remove both `android.builtInKotlin=true` and `android.newDsl=false` from `gradle.properties`, then migrate to built-in Kotlin.
See https://kotl.in/gradle/agp-built-in-kotlin for more details.


> Task :nitro-canvas:preBuild UP-TO-DATE
> Task :nitro-canvas:preDebugBuild UP-TO-DATE
> Task :react-native-nitro-modules:generateCodegenSchemaFromJavaScript
> Task :react-native-nitro-modules:generateCodegenArtifactsFromSchema
> Task :react-native-nitro-modules:prepareHeaders
> Task :react-native-nitro-modules:preBuild
> Task :react-native-nitro-modules:preDebugBuild
> Task :react-native-nitro-modules:writeDebugAarMetadata
> Task :react-native-nitro-modules:configureCMakeDebug[arm64-v8a]
> Task :nitro-canvas:checkDebugAarMetadata
> Task :react-native-nitro-modules:buildCMakeDebug[arm64-v8a]
> Task :react-native-nitro-modules:externalNativeBuildDebug
> Task :react-native-nitro-modules:generateJsonModelDebug
> Task :react-native-nitro-modules:prefabDebugConfigurePackage
> Task :nitro-canvas:configureCMakeDebug[arm64-v8a]
> Task :react-native-nitro-modules:prefabDebugPackage
> Task :nitro-canvas:buildCMakeDebug[arm64-v8a]
> Task :nitro-canvas:mergeDebugJniLibFolders
> Task :nitro-canvas:checkKotlinGradlePluginConfigurationErrors SKIPPED
> Task :nitro-canvas:generateDebugBuildConfig
> Task :nitro-canvas:generateDebugResources
> Task :nitro-canvas:packageDebugResources
> Task :nitro-canvas:processDebugNavigationResources
> Task :nitro-canvas:mergeDebugNativeLibs
> Task :react-native-nitro-modules:checkKotlinGradlePluginConfigurationErrors SKIPPED
> Task :react-native-nitro-modules:generateDebugBuildConfig
> Task :nitro-canvas:parseDebugLocalResources
> Task :react-native-nitro-modules:generateDebugResources
> Task :nitro-canvas:generateDebugRFile
> Task :react-native-nitro-modules:packageDebugResources
> Task :react-native-nitro-modules:processDebugNavigationResources
> Task :nitro-canvas:extractDeepLinksForAarDebug
> Task :nitro-canvas:generateDebugAssets UP-TO-DATE
> Task :react-native-nitro-modules:javaPreCompileDebug
> Task :react-native-nitro-modules:parseDebugLocalResources
> Task :nitro-canvas:mergeDebugAssets
> Task :nitro-canvas:javaPreCompileDebug
> Task :react-native-nitro-modules:generateDebugRFile
> Task :nitro-canvas:prepareDebugArtProfile
> Task :nitro-canvas:stripDebugDebugSymbols
> Task :nitro-canvas:prepareLintJarForPublish
> Task :nitro-canvas:copyDebugJniLibsProjectAndLocalJars
> Task :nitro-canvas:writeDebugAarMetadata
> Task :nitro-canvas:processDebugManifest
> Task :react-native-nitro-modules:compileDebugKotlin
> Task :viro_bridge:generateCodegenSchemaFromJavaScript
> Task :react-native-nitro-modules:compileDebugJavaWithJavac
> Task :react-native-nitro-modules:bundleLibCompileToJarDebug
> Task :viro_bridge:generateCodegenArtifactsFromSchema
> Task :viro_bridge:preBuild
> Task :viro_bridge:preReleaseBuild
> Task :viro_renderer:preBuild UP-TO-DATE
> Task :viro_renderer:prePicoReleaseBuild UP-TO-DATE
> Task :viro_renderer:writePicoReleaseAarMetadata
> Task :viro_bridge:mergeReleaseJniLibFolders
> Task :viro_bridge:mergeReleaseNativeLibs NO-SOURCE
> Task :viro_bridge:stripReleaseDebugSymbols NO-SOURCE
> Task :viro_bridge:copyReleaseJniLibsProjectAndLocalJars
> Task :viro_bridge:extractDeepLinksForAarRelease
> Task :viro_bridge:checkKotlinGradlePluginConfigurationErrors SKIPPED
> Task :viro_bridge:generateReleaseBuildConfig
> Task :viro_bridge:checkReleaseAarMetadata
> Task :viro_bridge:generateReleaseResources
> Task :viro_bridge:packageReleaseResources
> Task :viro_bridge:processReleaseNavigationResources
> Task :viro_renderer:generatePicoReleaseResources
> Task :viro_bridge:parseReleaseLocalResources
> Task :viro_renderer:packagePicoReleaseResources
> Task :viro_renderer:processPicoReleaseNavigationResources
> Task :viro_bridge:generateReleaseRFile
> Task :viro_bridge:generateReleaseAssets UP-TO-DATE
> Task :viro_renderer:javaPreCompilePicoRelease
> Task :viro_renderer:parsePicoReleaseLocalResources
> Task :viro_bridge:mergeReleaseAssets
> Task :viro_bridge:javaPreCompileRelease
> Task :viro_renderer:generatePicoReleaseRFile
> Task :viro_bridge:prepareLintJarForPublish
> Task :viro_renderer:compilePicoReleaseJavaWithJavac NO-SOURCE
> Task :viro_renderer:bundleLibCompileToJarPicoRelease
> Task :viro_bridge:prepareReleaseArtProfile
> Task :viro_bridge:compileReleaseKotlin NO-SOURCE
> Task :viro_bridge:extractReleaseAnnotations

> Task :nitro-canvas:compileDebugKotlin
w: file:///Users/mikevocalz/nitro-rive-panel/android/src/main/java/com/margelo/nitro/nitrocanvasinVision/HybridRivePanel.kt:31:46 'fun stateMachine(name: String): StateMachineInstance' is deprecated. Multiple state machines are deprecated. Use only the first state machine.
w: file:///Users/mikevocalz/nitro-rive-panel/android/src/main/java/com/margelo/nitro/nitrocanvasinVision/HybridRivePanel.kt:32:18 'val stateMachineCount: Int' is deprecated. Multiple state machines are deprecated. Use only the first state machine.
w: file:///Users/mikevocalz/nitro-rive-panel/android/src/main/java/com/margelo/nitro/nitrocanvasinVision/HybridRivePanel.kt:32:52 'fun stateMachine(index: Int): StateMachineInstance' is deprecated. Multiple state machines are deprecated. Use only the first state machine.
w: file:///Users/mikevocalz/nitro-rive-panel/android/src/main/java/com/margelo/nitro/nitrocanvasinVision/HybridRivePanelFactory.kt:17:41 Redundant call of conversion method.

> Task :viro_bridge:compileReleaseJavaWithJavac
Note: Some input files use or override a deprecated API.
Note: Recompile with -Xlint:deprecation for details.
Note: Some input files use unchecked or unsafe operations.
Note: Recompile with -Xlint:unchecked for details.

> Task :nitro-canvas:extractDebugAnnotations
> Task :nitro-canvas:compileDebugJavaWithJavac
> Task :nitro-canvas:mergeDebugGeneratedProguardFiles
> Task :nitro-canvas:mergeDebugConsumerProguardFiles
> Task :nitro-canvas:processDebugJavaRes
> Task :viro_bridge:mergeReleaseGeneratedProguardFiles
> Task :nitro-canvas:mergeDebugJavaResource
> Task :viro_bridge:mergeReleaseConsumerProguardFiles
> Task :nitro-canvas:syncDebugLibJars
> Task :nitro-canvas:bundleDebugAar
> Task :nitro-canvas:assembleDebug
> Task :viro_bridge:processReleaseJavaRes NO-SOURCE
> Task :viro_bridge:writeReleaseAarMetadata
> Task :viro_bridge:mergeReleaseJavaResource

> Task :viro_bridge:processReleaseManifest
package="com.viromedia.bridge" found in source AndroidManifest.xml: /Users/mikevocalz/viro-rive-panel/android/viro_bridge/src/main/AndroidManifest.xml.
Setting the namespace via the package attribute in the source AndroidManifest.xml is no longer supported, and the value is ignored.
Recommendation: remove package="com.viromedia.bridge" from the source AndroidManifest.xml: /Users/mikevocalz/viro-rive-panel/android/viro_bridge/src/main/AndroidManifest.xml.

> Task :viro_bridge:mapReleaseSourceSetPaths
> Task :viro_bridge:syncReleaseLibJars
> Task :viro_bridge:bundleReleaseAar
> Task :viro_bridge:mergeReleaseResources
> Task :viro_renderer:mapPicoReleaseSourceSetPaths
> Task :viro_renderer:compilePicoReleaseLibraryResources
> Task :viro_bridge:verifyReleaseResources
> Task :viro_bridge:assembleRelease

[Incubating] Problems report is available at: file:///private/var/folders/37/s0s6qm2x3cx1mdsr_fv0y1pr0000gn/T/rive-android-check-1aw0rkdf/android/build/reports/problems/problems-report.html

Deprecated Gradle features were used in this build, making it incompatible with Gradle 10.

You can use '--warning-mode all' to show the individual deprecation warnings and determine if they come from your own scripts or plugins.

For more on this, please refer to https://docs.gradle.org/9.4.1/userguide/command_line_interface.html#sec:command_line_warnings in the Gradle documentation.

BUILD SUCCESSFUL in 44s
92 actionable tasks: 86 executed, 6 up-to-date
Consider enabling configuration cache to speed up this build: https://docs.gradle.org/9.4.1/userguide/configuration_cache_enabling.html
