> Task :gradle-plugin:settings-plugin:checkKotlinGradlePluginConfigurationErrors SKIPPED
> Task :expo-gradle-plugin:expo-autolinking-plugin-shared:checkKotlinGradlePluginConfigurationErrors SKIPPED
> Task :expo-gradle-plugin:expo-autolinking-settings-plugin:checkKotlinGradlePluginConfigurationErrors SKIPPED
> Task :gradle-plugin:shared:checkKotlinGradlePluginConfigurationErrors SKIPPED
> Task :expo-gradle-plugin:expo-autolinking-settings-plugin:pluginDescriptors UP-TO-DATE
> Task :gradle-plugin:settings-plugin:pluginDescriptors UP-TO-DATE
> Task :gradle-plugin:settings-plugin:processResources UP-TO-DATE
> Task :expo-gradle-plugin:expo-autolinking-settings-plugin:processResources UP-TO-DATE
> Task :expo-gradle-plugin:expo-autolinking-plugin-shared:compileKotlin UP-TO-DATE
> Task :gradle-plugin:shared:compileKotlin UP-TO-DATE
> Task :expo-gradle-plugin:expo-autolinking-plugin-shared:compileJava NO-SOURCE
> Task :gradle-plugin:shared:compileJava NO-SOURCE
> Task :gradle-plugin:shared:processResources NO-SOURCE
> Task :expo-gradle-plugin:expo-autolinking-plugin-shared:processResources NO-SOURCE
> Task :gradle-plugin:shared:classes UP-TO-DATE
> Task :expo-gradle-plugin:expo-autolinking-plugin-shared:classes UP-TO-DATE
> Task :gradle-plugin:shared:jar UP-TO-DATE
> Task :expo-gradle-plugin:expo-autolinking-plugin-shared:jar UP-TO-DATE
> Task :gradle-plugin:settings-plugin:compileKotlin UP-TO-DATE
> Task :gradle-plugin:settings-plugin:compileJava NO-SOURCE
> Task :gradle-plugin:settings-plugin:classes UP-TO-DATE
> Task :gradle-plugin:settings-plugin:jar UP-TO-DATE
> Task :expo-gradle-plugin:expo-autolinking-settings-plugin:compileKotlin UP-TO-DATE
> Task :expo-gradle-plugin:expo-autolinking-settings-plugin:compileJava NO-SOURCE
> Task :expo-gradle-plugin:expo-autolinking-settings-plugin:classes UP-TO-DATE
> Task :expo-gradle-plugin:expo-autolinking-settings-plugin:jar UP-TO-DATE
> Task :expo-gradle-plugin:expo-autolinking-plugin:checkKotlinGradlePluginConfigurationErrors SKIPPED
> Task :expo-gradle-plugin:expo-max-sdk-override-plugin:checkKotlinGradlePluginConfigurationErrors SKIPPED
> Task :gradle-plugin:react-native-gradle-plugin:checkKotlinGradlePluginConfigurationErrors SKIPPED
> Task :expo-module-gradle-plugin:checkKotlinGradlePluginConfigurationErrors SKIPPED
> Task :expo-updates-gradle-plugin:checkKotlinGradlePluginConfigurationErrors SKIPPED
> Task :expo-updates-gradle-plugin:pluginDescriptors UP-TO-DATE
> Task :expo-module-gradle-plugin:pluginDescriptors UP-TO-DATE
> Task :expo-updates-gradle-plugin:processResources UP-TO-DATE
> Task :expo-module-gradle-plugin:processResources UP-TO-DATE
> Task :expo-gradle-plugin:expo-max-sdk-override-plugin:compileKotlin UP-TO-DATE
> Task :expo-gradle-plugin:expo-autolinking-plugin:compileKotlin UP-TO-DATE
> Task :expo-gradle-plugin:expo-autolinking-plugin:compileJava NO-SOURCE
> Task :expo-gradle-plugin:expo-max-sdk-override-plugin:compileJava NO-SOURCE
> Task :expo-gradle-plugin:expo-autolinking-plugin:pluginDescriptors UP-TO-DATE
> Task :expo-gradle-plugin:expo-max-sdk-override-plugin:pluginDescriptors UP-TO-DATE
> Task :gradle-plugin:react-native-gradle-plugin:compileKotlin UP-TO-DATE
> Task :expo-gradle-plugin:expo-autolinking-plugin:processResources UP-TO-DATE
> Task :expo-gradle-plugin:expo-max-sdk-override-plugin:processResources UP-TO-DATE
> Task :expo-gradle-plugin:expo-autolinking-plugin:classes UP-TO-DATE
> Task :expo-gradle-plugin:expo-max-sdk-override-plugin:classes UP-TO-DATE
> Task :gradle-plugin:react-native-gradle-plugin:compileJava NO-SOURCE
> Task :expo-gradle-plugin:expo-autolinking-plugin:jar UP-TO-DATE
> Task :gradle-plugin:react-native-gradle-plugin:pluginDescriptors UP-TO-DATE
> Task :expo-gradle-plugin:expo-max-sdk-override-plugin:jar UP-TO-DATE
> Task :gradle-plugin:react-native-gradle-plugin:processResources UP-TO-DATE
> Task :gradle-plugin:react-native-gradle-plugin:classes UP-TO-DATE
> Task :gradle-plugin:react-native-gradle-plugin:jar UP-TO-DATE
> Task :expo-updates-gradle-plugin:compileKotlin UP-TO-DATE
> Task :expo-updates-gradle-plugin:compileJava NO-SOURCE
> Task :expo-updates-gradle-plugin:classes UP-TO-DATE
> Task :expo-updates-gradle-plugin:jar UP-TO-DATE
> Task :expo-module-gradle-plugin:compileKotlin UP-TO-DATE
> Task :expo-module-gradle-plugin:compileJava NO-SOURCE
> Task :expo-module-gradle-plugin:classes UP-TO-DATE
> Task :expo-module-gradle-plugin:jar UP-TO-DATE

> Configure project :app
 ℹ️  [33mApplying gradle plugin[0m '[32mexpo-max-sdk-override-plugin[0m'
  [expo-max-sdk-override-plugin] This plugin will find all permissions declared with `android:maxSdkVersion`. If there exists a declaration with the `android:maxSdkVersion` annotation and another one without, the plugin will remove the annotation from the final merged manifest. In order to see a log with the changes run a clean build of the app.
 ℹ️  [33mApplying gradle plugin[0m '[32mexpo-updates-gradle-plugin[0m'

> Configure project :
[32m[ExpoRootProject][0m Using the following versions:
  - buildTools:  [32m37.0.0[0m
  - minSdk:      [32m26[0m
  - compileSdk:  [32m37[0m
  - targetSdk:   [32m34[0m
  - ndk:         [32m27.1.12297006[0m
  - kotlin:      [32m2.2.0[0m
  - ksp:         [32m2.2.0-2.0.2[0m

> Configure project :expo

Using expo modules
  -> Copied/merged flavorDimensions: device
  -> Created flavor 'mobile' (dimension='device') in ::expo
  -> Created flavor 'pico' (dimension='device') in ::expo
  -> Created flavor 'quest' (dimension='device') in ::expo
  - [32mexpo-log-box[0m (58.0.3)
  - [32mnandorojo-galeria[0m (0.1.0)
  - [32msentry-react-native-expo[0m (unspecified)
  - [32mboard-texture[0m (0.1.0)
  - [32mexpo-constants[0m (58.0.3)
  - [32mexpo-drag-drop-content-view[0m (0.1.0)
  - [32mexpo-eas-client[0m (58.0.0)
  - [32mexpo-json-utils[0m (58.0.0)
  - [32mexpo-manifests[0m (58.0.0)

> Configure project :react-native-worklets
w: file:///Users/mikevocalz/moyo-rive-panel/node_modules/react-native-worklets/android/build.gradle.kts:175:1: 'fun Project.android(configure: Action<LibraryExtension>): Unit' is deprecated. Replaced by com.android.build.api.dsl.LibraryExtension.
This class is not used for the public extensions in AGP when android.newDsl=true, which is the default in AGP 9.0, and will be removed in AGP 10.0.

> Configure project :expo-modules-core
[expo-modules-core] Ignoring prebuilt libs: built for v58.0.1, package is v58.0.3 - building from source
Linking react-native-worklets native libs into expo-modules-core build tasks
task ':react-native-worklets:mergeDebugNativeLibs'
task ':react-native-worklets:mergeReleaseNativeLibs'

> Configure project :expo
  - [32mexpo-modules-core[0m (58.0.3)
  - [32mexpo-paste-input[0m (0.7.6)
  - [32mexpo-structured-headers[0m (58.0.0)

> Configure project :expo-updates
ksp-2.2.0-2.0.2 is too old for kotlin-2.2.10. Please upgrade ksp or downgrade kotlin-gradle-plugin to 2.2.0.
ksp-2.2.0-2.0.2 is too old for kotlin-2.2.10. Please upgrade ksp or downgrade kotlin-gradle-plugin to 2.2.0.
ksp-2.2.0-2.0.2 is too old for kotlin-2.2.10. Please upgrade ksp or downgrade kotlin-gradle-plugin to 2.2.0.
ksp-2.2.0-2.0.2 is too old for kotlin-2.2.10. Please upgrade ksp or downgrade kotlin-gradle-plugin to 2.2.0.
ksp-2.2.0-2.0.2 is too old for kotlin-2.2.10. Please upgrade ksp or downgrade kotlin-gradle-plugin to 2.2.0.
ksp-2.2.0-2.0.2 is too old for kotlin-2.2.10. Please upgrade ksp or downgrade kotlin-gradle-plugin to 2.2.0.
ksp-2.2.0-2.0.2 is too old for kotlin-2.2.10. Please upgrade ksp or downgrade kotlin-gradle-plugin to 2.2.0.
ksp-2.2.0-2.0.2 is too old for kotlin-2.2.10. Please upgrade ksp or downgrade kotlin-gradle-plugin to 2.2.0.

> Configure project :expo
  - [32mexpo-updates[0m (58.0.5)
  - [32mexpo-updates-interface[0m (58.0.0)
  - [33m[📦][0m [32mexpo-dom-webview[0m (58.0.0)
  - [33m[📦][0m [32mexpo-ui[0m (58.0.3)
  - [33m[📦][0m [32mexpo-asset[0m (58.0.3)
  - [33m[📦][0m [32mexpo-background-task[0m (58.0.3)
  - [33m[📦][0m [32mexpo-document-picker[0m (57.0.1)
  - [33m[📦][0m [32mexpo-file-system[0m (58.0.0)
  - [33m[📦][0m [32mexpo-font[0m (58.0.1)
  - [33m[📦][0m [32mexpo-image[0m (58.0.2)
  - [33m[📦][0m [32mexpo-image-loader[0m (57.0.1)
  - [33m[📦][0m [32mexpo-image-manipulator[0m (57.0.9)
  - [33m[📦][0m [32mexpo-image-picker[0m (57.0.12)
  - [33m[📦][0m [32mexpo-keep-awake[0m (58.0.0)
  - [33m[📦][0m [32mexpo-linking[0m (58.0.3)
  - [33m[📦][0m [32mexpo-router[0m (58.0.4)
  - [33m[📦][0m [32mexpo-screen-capture[0m (58.0.0)
  - [33m[📦][0m [32mexpo-secure-store[0m (58.0.0)
  - [33m[📦][0m [32mexpo-splash-screen[0m (58.0.0)
  - [33m[📦][0m [32mexpo-status-bar[0m (58.0.0)
  - [33m[📦][0m [32mexpo-system-ui[0m (58.0.1)
  - [33m[📦][0m [32mexpo-task-manager[0m (58.0.4)
  - [33m[📦][0m [32munimodules-app-loader[0m (58.0.0)


> Configure project :expo-pico-core
[NitroModules] 🔥 ExpoPicoCore is boosted by nitro!

> Configure project :nitro-canvas-in-Vision
[NitroModules] 🔥 NitroCanvasInVision is boosted by nitro!

> Configure project :react-native-executorch
Checking the license for package NDK (Side by side) 28.2.13676358 in /Users/mikevocalz/Library/Android/sdk/licenses
License for package NDK (Side by side) 28.2.13676358 accepted.
Preparing "Install NDK (Side by side) 28.2.13676358 v.28.2.13676358".
Warning: An error occurred while preparing SDK package NDK (Side by side) 28.2.13676358: No space left on device.:
java.io.IOException: No space left on device
	at java.base/sun.nio.ch.FileDispatcherImpl.write0(Native Method)
	at java.base/sun.nio.ch.FileDispatcherImpl.write(FileDispatcherImpl.java:63)
	at java.base/sun.nio.ch.IOUtil.writeFromNativeBuffer(IOUtil.java:132)
	at java.base/sun.nio.ch.IOUtil.write(IOUtil.java:97)
	at java.base/sun.nio.ch.IOUtil.write(IOUtil.java:67)
	at java.base/sun.nio.ch.FileChannelImpl.write(FileChannelImpl.java:288)
	at java.base/java.nio.channels.Channels.writeFullyImpl(Channels.java:74)
	at java.base/java.nio.channels.Channels.writeFully(Channels.java:96)
	at java.base/java.nio.channels.Channels$1.write(Channels.java:171)
	at java.base/java.io.BufferedOutputStream.write(BufferedOutputStream.java:123)
	at com.android.repository.util.InstallerUtil.readZipEntry(InstallerUtil.java:192)
	at com.android.repository.util.InstallerUtil.unzip(InstallerUtil.java:148)
	at com.android.repository.impl.installer.BasicInstaller.doPrepare(BasicInstaller.java:91)
	at com.android.repository.impl.installer.AbstractPackageOperation.prepare(AbstractPackageOperation.java:340)
	at com.android.builder.sdk.DefaultSdkLoader.installRemotePackages(DefaultSdkLoader.java:365)
	at com.android.builder.sdk.DefaultSdkLoader.installSdkTool(DefaultSdkLoader.java:454)
	at com.android.build.gradle.internal.SdkHandler.installNdk(SdkHandler.java:329)
	at com.android.build.gradle.internal.cxx.configure.NdkLocatorKt.findNdkPathImpl(NdkLocator.kt:220)
	at com.android.build.gradle.internal.cxx.configure.NdkLocator.findNdkPath(NdkLocator.kt:367)
	at com.android.build.gradle.internal.ndk.NdkHandler.getNdkStatus(NdkHandler.kt:78)
	at com.android.build.gradle.internal.ndk.NdkHandler.getNdkPlatform(NdkHandler.kt:89)
	at com.android.build.gradle.internal.cxx.gradle.generator.CxxConfigurationModelKt.tryCreateConfigurationParameters(CxxConfigurationModel.kt:194)
	at com.android.build.gradle.internal.cxx.configure.CxxCreateGradleTasksKt.createCxxTasks(CxxCreateGradleTasks.kt:84)
	at com.android.build.gradle.internal.VariantTaskManager.createTopLevelTasks(VariantTaskManager.kt:216)
	at com.android.build.gradle.internal.VariantTaskManager.createTasks(VariantTaskManager.kt:150)
	at com.android.build.gradle.internal.plugins.BasePlugin.createAndroidTasks(BasePlugin.kt:622)
	at com.android.build.gradle.internal.plugins.BasePlugin$createTasks$2$1.call(BasePlugin.kt:491)
	at com.android.builder.profile.ThreadRecorder.record(ThreadRecorder.java:69)
	at com.android.builder.profile.ThreadRecorder.record(ThreadRecorder.java:54)
	at com.android.build.gradle.internal.profile.AnalyticsResourceManager.recordBlockAtConfiguration(AnalyticsResourceManager.kt:200)

FAILURE: Build completed with 4 failures.

1: Task failed with an exception.
-----------
* What went wrong:
A problem occurred configuring project ':react-native-executorch'.
> java.lang.RuntimeException: com.android.builder.sdk.InstallFailedException: Failed to install the following SDK components:
      ndk;28.2.13676358 NDK (Side by side) 28.2.13676358
  Install the missing components using the SDK manager in Android Studio.


* Try:
> Run with --stacktrace option to get the stack trace.
> Run with --info or --debug option to get more log output.
> Run with --scan to get full insights from a Build Scan (powered by Develocity).
> Get more help at https://help.gradle.org.
==============================================================================

2: Task failed with an exception.
-----------
* What went wrong:
java.io.FileNotFoundException: /Users/mikevocalz/moyo-rive-panel/node_modules/expo-modules-autolinking/android/expo-gradle-plugin/.kotlin/errors/errors-3fdaded9-ef81-4c96-9cdb-64ad10cf5086-1790368245322.log (No such file or directory)
> /Users/mikevocalz/moyo-rive-panel/node_modules/expo-modules-autolinking/android/expo-gradle-plugin/.kotlin/errors/errors-3fdaded9-ef81-4c96-9cdb-64ad10cf5086-1790368245322.log (No such file or directory)

* Try:
> Run with --stacktrace option to get the stack trace.
> Run with --info or --debug option to get more log output.
> Run with --scan to get full insights from a Build Scan (powered by Develocity).
> Get more help at https://help.gradle.org.
==============================================================================

3: Task failed with an exception.
-----------
* What went wrong:
java.io.FileNotFoundException: /Users/mikevocalz/moyo-rive-panel/node_modules/expo-modules-core/expo-module-gradle-plugin/.kotlin/errors/errors-2f9cf7a0-4c06-4708-852c-f909428d1200-1790368245333.log (No such file or directory)
> /Users/mikevocalz/moyo-rive-panel/node_modules/expo-modules-core/expo-module-gradle-plugin/.kotlin/errors/errors-2f9cf7a0-4c06-4708-852c-f909428d1200-1790368245333.log (No such file or directory)

* Try:
> Run with --stacktrace option to get the stack trace.
> Run with --info or --debug option to get more log output.
> Run with --scan to get full insights from a Build Scan (powered by Develocity).
> Get more help at https://help.gradle.org.
==============================================================================

4: Task failed with an exception.
-----------
* What went wrong:
java.io.IOException: No space left on device

* Try:
> Run with --stacktrace option to get the stack trace.
> Run with --info or --debug option to get more log output.
> Run with --scan to get full insights from a Build Scan (powered by Develocity).
> Get more help at https://help.gradle.org.
==============================================================================
	at com.android.build.gradle.internal.profile.AnalyticsConfiguratorService.recordBlock(AnalyticsConfiguratorService.kt:108)





Deprecated Gradle features were used in this build, making it incompatible with Gradle 10.

You can use '--warning-mode all' to show the individual deprecation warnings and determine if they come from your own scripts or plugins.

For more on this, please refer to https://docs.gradle.org/9.4.1/userguide/command_line_interface.html#sec:command_line_warnings in the Gradle documentation.

BUILD FAILED in 2m 7s
32 actionable tasks: 32 up-to-date

FAILURE: Build failed with an exception.

* What went wrong:
Failed to notify root build lifecycle listener.
> Could not update /Users/mikevocalz/.gradle/caches/9.4.1/file-changes/last-build.bin
> Could not update /Users/mikevocalz/moyo-rive-panel/apps/mobile/android/.gradle/9.4.1/fileChanges/last-build.bin

* Try:
> Run with --stacktrace option to get the stack trace.
> Run with --info or --debug option to get more log output.
> Run with --scan to get full insights from a Build Scan (powered by Develocity).
> Get more help at https://help.gradle.org.

Deprecated Gradle features were used in this build, making it incompatible with Gradle 10.

You can use '--warning-mode all' to show the individual deprecation warnings and determine if they come from your own scripts or plugins.

For more on this, please refer to https://docs.gradle.org/9.4.1/userguide/command_line_interface.html#sec:command_line_warnings in the Gradle documentation.

BUILD FAILED in 2m 7s

FAILURE: Build failed with an exception.

* What went wrong:
Could not receive a message from the daemon.

* Try:
> Run with --stacktrace option to get the stack trace.
> Run with --info or --debug option to get more log output.
> Run with --scan to get full insights from a Build Scan (powered by Develocity).
> Get more help at https://help.gradle.org.
