Scope: 12 of 21 workspace projects
Progress: resolved 1, reused 0, downloaded 0, added 0
apps/mobile                              |  WARN  deprecated eslint@9.39.5
Progress: resolved 149, reused 2, downloaded 0, added 0
Progress: resolved 387, reused 2, downloaded 1, added 0
Progress: resolved 1914, reused 2, downloaded 1, added 0
Progress: resolved 1958, reused 2, downloaded 1, added 0
Progress: resolved 1960, reused 2, downloaded 1, added 0
Progress: resolved 1977, reused 2, downloaded 1, added 0
Progress: resolved 2025, reused 2, downloaded 1, added 0
 WARN  6 deprecated subdependencies found: @esbuild-kit/core-utils@3.3.2, @esbuild-kit/esm-loader@2.6.5, @ungap/structured-clone@1.3.0, @xmldom/xmldom@0.8.11, boolean@3.2.0, uuid@7.0.3
 WARN  Issues with peer dependencies found
apps/mobile
├─┬ expo 58.0.0-preview.3
│ └─┬ expo-modules-core 58.0.3
│   └── ✕ unmet peer react-native-worklets@"^0.7.4 || ^0.8.0 || ^0.9.0 || ^0.10.0": found 0.12.2
└─┬ @expo-pico/core 1.0.0
  └── ✕ unmet peer expo@~57.0.16: found 58.0.0-preview.3

apps/web
├─┬ @expo/metro-runtime 57.0.12
│ └── ✕ missing peer @expo/log-box@^57.0.3
├─┬ expo-router 58.0.4
│ ├── ✕ missing peer @expo/log-box@^58.0.3
│ └── ✕ unmet peer @expo/metro-runtime@^58.0.3: found 57.0.12
├─┬ @typescript-eslint/parser 8.48.0
│ ├── ✕ unmet peer typescript@">=4.8.4 <6.0.0": found 6.0.3
│ └─┬ @typescript-eslint/typescript-estree 8.48.0
│   ├── ✕ unmet peer typescript@">=4.8.4 <6.0.0": found 6.0.3
│   ├─┬ @typescript-eslint/project-service 8.48.0
│   │ └── ✕ unmet peer typescript@">=4.8.4 <6.0.0": found 6.0.3
│   └─┬ @typescript-eslint/tsconfig-utils 8.48.0
│     └── ✕ unmet peer typescript@">=4.8.4 <6.0.0": found 6.0.3
├─┬ eslint-config-next 16.3.5
│ └─┬ typescript-eslint 8.48.0
│   ├── ✕ unmet peer typescript@">=4.8.4 <6.0.0": found 6.0.3
│   ├─┬ @typescript-eslint/utils 8.48.0
│   │ └── ✕ unmet peer typescript@">=4.8.4 <6.0.0": found 6.0.3
│   └─┬ @typescript-eslint/eslint-plugin 8.48.0
│     ├── ✕ unmet peer typescript@">=4.8.4 <6.0.0": found 6.0.3
│     └─┬ @typescript-eslint/type-utils 8.48.0
│       └── ✕ unmet peer typescript@">=4.8.4 <6.0.0": found 6.0.3
└─┬ react-native-reanimated 4.6.0
  └── ✕ unmet peer react-native-worklets@0.12.x: found 0.10.2
✕ Conflicting peer dependencies:
  @expo/log-box

apps/web-vite
├─┬ @expo/metro-runtime 57.0.12
│ └── ✕ missing peer @expo/log-box@^57.0.3
├─┬ expo-router 58.0.4
│ ├── ✕ missing peer @expo/log-box@^58.0.3
│ ├── ✕ unmet peer @expo/metro-runtime@^58.0.3: found 57.0.12
│ └── ✕ unmet peer expo-constants@^58.0.3: found 57.0.13
└─┬ react-native-reanimated 4.6.0
  └── ✕ unmet peer react-native-worklets@0.12.x: found 0.10.2
✕ Conflicting peer dependencies:
  @expo/log-box

packages/app
├─┬ expo 58.0.0-preview.3
│ └─┬ expo-modules-core 58.0.3
│   └── ✕ unmet peer react-native-worklets@"^0.7.4 || ^0.8.0 || ^0.9.0 || ^0.10.0": found 0.12.2
└─┬ react-native-enriched-html 1.1.1
  └─┬ @tiptap/react 3.27.1
    ├─┬ @tiptap/extension-bubble-menu 3.30.1
    │ ├── ✕ unmet peer @tiptap/pm@3.30.1: found 3.27.1
    │ └── ✕ unmet peer @tiptap/core@3.30.1: found 3.27.1
    └─┬ @tiptap/extension-floating-menu 3.30.1
      ├── ✕ unmet peer @tiptap/pm@3.30.1: found 3.27.1
      └── ✕ unmet peer @tiptap/core@3.30.1: found 3.27.1

packages/auth
├─┬ @better-auth/core 1.7.5
│ └── ✕ unmet peer @better-fetch/fetch@1.3.2: found 1.3.1
└─┬ react-native-reanimated 4.6.0
  └── ✕ unmet peer react-native-worklets@0.12.x: found 0.10.2

packages/payload
└─┬ @seshuk/payload-storage-bunny 3.0.0
  └── ✕ unmet peer payload@^3.83.0: found 4.0.0-canary.33

packages/secure
└─┬ react-native-reanimated 4.6.0
  └── ✕ unmet peer react-native-worklets@0.12.x: found 0.10.2

packages/ui
├─┬ expo-router 57.0.15
│ ├── ✕ unmet peer @expo/log-box@^57.0.3: found 58.0.3
│ ├── ✕ unmet peer @expo/metro-runtime@^57.0.12: found 58.0.3
│ ├── ✕ unmet peer expo-constants@^57.0.13: found 58.0.3
│ └── ✕ unmet peer expo-linking@^57.0.7: found 58.0.3
└─┬ expo 58.0.0-preview.3
  └─┬ expo-modules-core 58.0.3
    └── ✕ unmet peer react-native-worklets@"^0.7.4 || ^0.8.0 || ^0.9.0 || ^0.10.0": found 0.12.2
Progress: resolved 2025, reused 22, downloaded 1, added 0
.                                        |  +10 -236 +------------------------
Progress: resolved 2025, reused 214, downloaded 1, added 9
 WARN  Failed to create bin at /Users/mikevocalz/moyo-rive-panel/node_modules/@sentry/expo-upload-sourcemaps/node_modules/.bin/sentry-cli. ENOENT: no such file or directory, chmod '/Users/mikevocalz/moyo-rive-panel/node_modules/@sentry/expo-upload-sourcemaps/node_modules/@sentry/cli/bin/sentry-cli'
Progress: resolved 2025, reused 214, downloaded 1, added 10, done
Done in 16.7s using pnpm v10.32.1
