--------- beginning of crash
09-25 17:04:37.702 21113 21113 E AndroidRuntime: FATAL EXCEPTION: main
09-25 17:04:37.702 21113 21113 E AndroidRuntime: Process: com.moyolearn.app, PID: 21113
09-25 17:04:37.702 21113 21113 E AndroidRuntime: java.lang.UnsatisfiedLinkError: dlopen failed: cannot locate symbol "__cxa_init_primary_exception" referenced by "/data/app/~~gNWiKHo1oLQH5bQIgHc_NA==/com.moyolearn.app-0ju-caczxUKaAJsFqICmMg==/base.apk!/lib/arm64-v8a/libnitrofetch.so"...
09-25 17:04:37.702 21113 21113 E AndroidRuntime: 	at java.lang.Runtime.loadLibrary0(Runtime.java:1082)
09-25 17:04:37.702 21113 21113 E AndroidRuntime: 	at java.lang.Runtime.loadLibrary0(Runtime.java:1003)
09-25 17:04:37.702 21113 21113 E AndroidRuntime: 	at java.lang.System.loadLibrary(System.java:1661)
09-25 17:04:37.702 21113 21113 E AndroidRuntime: 	at com.margelo.nitro.nitrofetch.NitroFetchPackage.<clinit>(NitroFetchPackage.kt:31)
09-25 17:04:37.702 21113 21113 E AndroidRuntime: 	at com.facebook.react.PackageList.getPackages(PackageList.java:56)
09-25 17:04:37.702 21113 21113 E AndroidRuntime: 	at com.moyolearn.app.MainApplication.reactHost_delegate$lambda$1(MainApplication.kt:34)
09-25 17:04:37.702 21113 21113 E AndroidRuntime: 	at com.moyolearn.app.MainApplication$$ExternalSyntheticLambda0.invoke(D8$$SyntheticClass:0)
09-25 17:04:37.702 21113 21113 E AndroidRuntime: 	at kotlin.SynchronizedLazyImpl.getValue(LazyJVM.kt:86)
09-25 17:04:37.702 21113 21113 E AndroidRuntime: 	at com.moyolearn.app.MainApplication.getReactHost(MainApplication.kt:30)
09-25 17:04:37.702 21113 21113 E AndroidRuntime: 	at com.facebook.react.ReactActivityDelegate.getReactHost(ReactActivityDelegate.java:110)
09-25 17:04:37.702 21113 21113 E AndroidRuntime: 	at expo.modules.ReactActivityDelegateWrapper._reactHost_delegate$lambda$2(ReactActivityDelegateWrapper.kt:55)
09-25 17:04:37.702 21113 21113 E AndroidRuntime: 	at expo.modules.ReactActivityDelegateWrapper$$ExternalSyntheticLambda2.invoke(D8$$SyntheticClass:0)
09-25 17:04:37.702 21113 21113 E AndroidRuntime: 	at kotlin.SynchronizedLazyImpl.getValue(LazyJVM.kt:86)
09-25 17:04:37.702 21113 21113 E AndroidRuntime: 	at expo.modules.ReactActivityDelegateWrapper.get_reactHost(ReactActivityDelegateWrapper.kt:54)
09-25 17:04:37.702 21113 21113 E AndroidRuntime: 	at expo.modules.ReactActivityDelegateWrapper.getReactHost(ReactActivityDelegateWrapper.kt:100)
09-25 17:04:37.702 21113 21113 E AndroidRuntime: 	at expo.modules.ReactActivityDelegateWrapper.delayLoadAppHandler_delegate$lambda$4$lambda$3(ReactActivityDelegateWrapper.kt:59)
09-25 17:04:37.702 21113 21113 E AndroidRuntime: 	at expo.modules.ReactActivityDelegateWrapper$$ExternalSyntheticLambda5.invoke(D8$$SyntheticClass:0)
09-25 17:04:37.702 21113 21113 E AndroidRuntime: 	at kotlin.sequences.TransformingSequence$iterator$1.next(Sequences.kt:243)
09-25 17:04:37.702 21113 21113 E AndroidRuntime: 	at kotlin.sequences.FilteringSequence$iterator$1.calcNext(Sequences.kt:203)
09-25 17:04:37.702 21113 21113 E AndroidRuntime: 	at kotlin.sequences.FilteringSequence$iterator$1.hasNext(Sequences.kt:227)
09-25 17:04:37.702 21113 21113 E AndroidRuntime: 	at kotlin.sequences.SequencesKt___SequencesKt.firstOrNull(_Sequences.kt:172)
09-25 17:04:37.702 21113 21113 E AndroidRuntime: 	at expo.modules.ReactActivityDelegateWrapper.delayLoadAppHandler_delegate$lambda$4(ReactActivityDelegateWrapper.kt:60)
09-25 17:04:37.702 21113 21113 E AndroidRuntime: 	at expo.modules.ReactActivityDelegateWrapper$$ExternalSyntheticLambda3.invoke(D8$$SyntheticClass:0)
09-25 17:04:37.702 21113 21113 E AndroidRuntime: 	at kotlin.SynchronizedLazyImpl.getValue(LazyJVM.kt:86)
09-25 17:04:37.702 21113 21113 E AndroidRuntime: 	at expo.modules.ReactActivityDelegateWrapper.getDelayLoadAppHandler(ReactActivityDelegateWrapper.kt:57)
09-25 17:04:37.702 21113 21113 E AndroidRuntime: 	at expo.modules.ReactActivityDelegateWrapper.access$getDelayLoadAppHandler(ReactActivityDelegateWrapper.kt:41)
09-25 17:04:37.702 21113 21113 E AndroidRuntime: 	at expo.modules.ReactActivityDelegateWrapper$onCreate$2.invokeSuspend(ReactActivityDelegateWrapper.kt:146)
09-25 17:04:37.702 21113 21113 E AndroidRuntime: 	at expo.modules.ReactActivityDelegateWrapper$onCreate$2.invoke(Unknown Source:8)
09-25 17:04:37.702 21113 21113 E AndroidRuntime: 	at expo.modules.ReactActivityDelegateWrapper$onCreate$2.invoke(Unknown Source:4)
09-25 17:04:37.702 21113 21113 E AndroidRuntime: 	at expo.modules.ReactActivityDelegateWrapper$launchLifecycleScopeWithLock$1.invokeSuspend(ReactActivityDelegateWrapper.kt:469)
09-25 17:04:37.702 21113 21113 E AndroidRuntime: 	at expo.modules.ReactActivityDelegateWrapper$launchLifecycleScopeWithLock$1.invoke(Unknown Source:8)
09-25 17:04:37.702 21113 21113 E AndroidRuntime: 	at expo.modules.ReactActivityDelegateWrapper$launchLifecycleScopeWithLock$1.invoke(Unknown Source:4)
09-25 17:04:37.702 21113 21113 E AndroidRuntime: 	at kotlinx.coroutines.intrinsics.UndispatchedKt.startCoroutineUndispatched(Undispatched.kt:20)
09-25 17:04:37.702 21113 21113 E AndroidRuntime: 	at kotlinx.coroutines.CoroutineStart.invoke(CoroutineStart.kt:360)
09-25 17:04:37.702 21113 21113 E AndroidRuntime: 	at kotlinx.coroutines.AbstractCoroutine.start(AbstractCoroutine.kt:134)
09-25 17:04:37.702 21113 21113 E AndroidRuntime: 	at kotlinx.coroutines.BuildersKt__Builders_commonKt.launch(Builders.common.kt:53)
09-25 17:04:37.702 21113 21113 E AndroidRuntime: 	at kotlinx.coroutines.BuildersKt.launch(Unknown Source:1)
09-25 17:04:37.702 21113 21113 E AndroidRuntime: 	at kotlinx.coroutines.BuildersKt__Builders_commonKt.launch$default(Builders.common.kt:44)
09-25 17:04:37.702 21113 21113 E AndroidRuntime: 	at kotlinx.coroutines.BuildersKt.launch$default(Unknown Source:1)
09-25 17:04:37.702 21113 21113 E AndroidRuntime: 	at expo.modules.ReactActivityDelegateWrapper.launchLifecycleScopeWithLock(ReactActivityDelegateWrapper.kt:467)
09-25 17:04:37.702 21113 21113 E AndroidRuntime: 	at expo.modules.ReactActivityDelegateWrapper.onCreate(ReactActivityDelegateWrapper.kt:145)
09-25 17:04:37.702 21113 21113 E AndroidRuntime: 	at com.facebook.react.ReactActivity.onCreate(ReactActivity.java:61)
09-25 17:04:37.702 21113 21113 E AndroidRuntime: 	at com.moyolearn.app.MainActivity.onCreate(MainActivity.kt:23)
09-25 17:04:37.703 21113 21113 E AndroidRuntime: 	at android.app.Activity.performCreate(Activity.java:8647)
09-25 17:04:37.703 21113 21113 E AndroidRuntime: 	at android.app.Activity.performCreate(Activity.java:8625)
09-25 17:04:37.703 21113 21113 E AndroidRuntime: 	at android.app.Instrumentation.callActivityOnCreate(Instrumentation.java:1456)
09-25 17:04:37.703 21113 21113 E AndroidRuntime: 	at android.app.ActivityThread.performLaunchActivity(ActivityThread.java:3821)
09-25 17:04:37.703 21113 21113 E AndroidRuntime: 	at android.app.ActivityThread.handleLaunchActivity(ActivityThread.java:3979)
09-25 17:04:37.703 21113 21113 E AndroidRuntime: 	at android.app.servertransaction.LaunchActivityItem.execute(LaunchActivityItem.java:106)
09-25 17:04:37.703 21113 21113 E AndroidRuntime: 	at android.app.servertransaction.TransactionExecutor.executeCallbacks(TransactionExecutor.java:139)
09-25 17:04:37.703 21113 21113 E AndroidRuntime: 	at android.app.servertransaction.TransactionExecutor.execute(TransactionExecutor.java:96)
09-25 17:04:37.703 21113 21113 E AndroidRuntime: 	at android.app.ActivityThread$H.handleMessage(ActivityThread.java:2485)
09-25 17:04:37.703 21113 21113 E AndroidRuntime: 	at android.os.Handler.dispatchMessage(Handler.java:106)
09-25 17:04:37.703 21113 21113 E AndroidRuntime: 	at android.os.Looper.loopOnce(Looper.java:218)
09-25 17:04:37.703 21113 21113 E AndroidRuntime: 	at android.os.Looper.loop(Looper.java:310)
09-25 17:04:37.703 21113 21113 E AndroidRuntime: 	at android.app.ActivityThread.main(ActivityThread.java:8297)
09-25 17:04:37.703 21113 21113 E AndroidRuntime: 	at java.lang.reflect.Method.invoke(Native Method)
09-25 17:04:37.703 21113 21113 E AndroidRuntime: 	at com.android.internal.os.RuntimeInit$MethodAndArgsCaller.run(RuntimeInit.java:552)
09-25 17:04:37.703 21113 21113 E AndroidRuntime: 	at com.android.internal.os.ZygoteInit.main(ZygoteInit.java:978)
09-25 17:04:37.703 21113 21113 E AndroidRuntime: 	Suppressed: kotlinx.coroutines.internal.DiagnosticCoroutineContextException: [StandaloneCoroutine{Cancelling}@dd9d831, Dispatchers.Main.immediate]
