[13:06:20.238] rive  verified (0 bytes, 148ms, 0 errors, 0 warnings)
[13:07:16.114] rive  verified (0 bytes, 160ms, 0 errors, 0 warnings)
[13:07:27.415] rive  verified (0 bytes, 161ms, 0 errors, 0 warnings)
[13:07:34.745] rive  built build/moyo_learning_question.riv (162292 bytes, 138ms, 0 errors, 0 warnings)
[13:07:34.747] rive  data: phase = 0
[13:07:34.748] rive  showing LearningQuestion [1/1]
[13:07:34.749] rive  viewport 1280x800 @1x
[13:07:34.796] rive  wrote build/loading.png
[13:07:35.021] rive  built build/moyo_learning_question.riv (162292 bytes, 135ms, 0 errors, 0 warnings)
[13:07:35.022] rive  data: phase = 2
[13:07:35.022] rive  data: choiceCount = 4
[13:07:35.023] rive  showing LearningQuestion [1/1]
[13:07:35.023] rive  viewport 1280x800 @1x
[13:07:35.067] rive  wrote build/idle.png
[13:07:35.320] rive  built build/moyo_learning_question.riv (162292 bytes, 156ms, 0 errors, 0 warnings)
[13:07:35.322] rive  data: phase = 5
[13:07:35.322] rive  data: feedbackTitle = Correct
[13:07:35.322] rive  data: feedbackBody = Two quarters make a half.
[13:07:35.322] rive  data: answered = true
[13:07:35.322] rive  data: correct = true
[13:07:35.323] rive  showing LearningQuestion [1/1]
[13:07:35.323] rive  viewport 1280x800 @1x
[13:07:35.391] rive  wrote build/correct.png
[13:07:35.611] rive  built build/moyo_learning_question.riv (162292 bytes, 134ms, 0 errors, 0 warnings)
[13:07:35.612] rive  data: phase = 0
[13:07:35.612] rive  data: reducedMotion = true
[13:07:35.613] rive  showing LearningQuestion [1/1]
[13:07:35.613] rive  viewport 1280x800 @1x
[13:07:35.651] rive  wrote build/rm.png
[13:08:29.523] rive  verified (0 bytes, 155ms, 0 errors, 0 warnings)
[13:08:29.765] rive  built build/moyo_learning_question.riv (162292 bytes, 147ms, 0 errors, 0 warnings)
[13:08:29.767] rive  data: phase = 2
[13:08:29.767] rive  data: choiceCount = 4
[13:08:29.769] rive  showing LearningQuestion [1/1]
[13:08:29.769] rive  viewport 1280x800 @1x
[13:08:29.819] rive  wrote build/idle.png
[13:08:46.974] rive  built build/moyo_learning_question.riv (162292 bytes, 146ms, 0 errors, 0 warnings)
[13:08:46.975] rive  data: phase = 2
[13:08:46.976] rive  showing LearningQuestion [1/1]
[13:08:53.230] rive  built build/moyo_learning_question.riv (162292 bytes, 243ms, 0 errors, 0 warnings)
[13:08:53.233] rive  data: phase = 2
[13:08:53.235] rive  showing LearningQuestion [1/1]
[13:09:01.084] rive  built build/moyo_learning_question.riv (162292 bytes, 191ms, 0 errors, 0 warnings)
[13:09:01.086] rive  data: phase = 2
[13:09:01.087] rive  showing LearningQuestion [1/1]
[13:09:44.864] rive  verified (0 bytes, 147ms, 0 errors, 0 warnings)
[13:09:45.103] rive  built build/moyo_learning_question.riv (162292 bytes, 142ms, 0 errors, 0 warnings)
[13:09:45.105] rive  data: phase = 2
[13:09:45.107] rive  showing LearningQuestion [1/1]
[13:10:18.589] rive  verified (0 bytes, 152ms, 0 errors, 0 warnings)
[13:10:18.817] rive  built build/moyo_learning_question.riv (165029 bytes, 141ms, 0 errors, 0 warnings)
[13:10:18.818] rive  data: phase = 2
[13:10:18.820] rive  showing LearningQuestion [1/1]
[13:10:25.515] rive  built build/moyo_learning_question.riv (165029 bytes, 138ms, 0 errors, 0 warnings)
[13:10:25.517] rive  data: phase = 2
[13:10:25.518] rive  showing LearningQuestion [1/1]
[13:10:25.769] rive  built build/moyo_learning_question.riv (165029 bytes, 143ms, 0 errors, 0 warnings)
[13:10:25.771] rive  data: phase = 4
[13:10:25.771] rive  showing LearningQuestion [1/1]
[13:10:25.772] rive  viewport 1280x800 @1x
[13:10:25.829] rive  wrote build/submitting.png
[13:10:26.062] rive  built build/moyo_learning_question.riv (165029 bytes, 142ms, 0 errors, 0 warnings)
[13:10:26.063] rive  data: phase = 0
[13:10:26.065] rive  showing LearningQuestion [1/1]
[13:10:26.065] rive  viewport 1280x800 @1x
[13:10:26.104] rive  wrote build/loading2.png
[13:10:30.844] rive  built build/moyo_learning_question.riv (165029 bytes, 134ms, 0 errors, 0 warnings)
[13:10:30.845] rive  data: phase = 2
[13:10:30.846] rive  showing LearningQuestion [1/1]
[13:10:55.473] rive  built build/moyo_learning_question.riv (165029 bytes, 157ms, 0 errors, 0 warnings)
[13:10:55.475] rive  data: phase = 2
[13:10:55.475] rive  data: choiceCount = 4
[13:10:55.476] rive  showing LearningQuestion [1/1]
[13:11:07.292] rive  built build/moyo_learning_question.riv (165029 bytes, 157ms, 0 errors, 0 warnings)
[13:38:29.597] rive  verified (0 bytes, 156ms, 0 errors, 0 warnings)
[14:23:23.674] rive  verified (0 bytes, 187ms, 0 errors, 0 warnings)
[14:23:41.617] rive  built build/moyo_learning_question.riv (165071 bytes, 139ms, 0 errors, 0 warnings)
[14:23:49.212] rive  built build/moyo_learning_question.riv (165071 bytes, 174ms, 0 errors, 0 warnings)
[14:23:49.216] rive  showing LearningQuestion [1/1]
[14:23:49.216] rive  viewport 1280x800 @1x
[14:23:49.296] rive  wrote ./build/moyo_learning_question.png
[15:25:14.635] rive  verified (0 bytes, 157ms, 0 errors, 0 warnings)
[15:25:14.971] rive  built build/moyo_learning_question.riv (165071 bytes, 241ms, 0 errors, 0 warnings)
[15:25:14.976] rive  showing LearningQuestion [1/1]
[15:25:14.977] rive  viewport 1280x800 @1x
[15:25:15.066] rive  wrote /tmp/q-rest.png
[15:25:15.297] rive  built build/moyo_learning_question.riv (165071 bytes, 143ms, 0 errors, 0 warnings)
[15:25:15.300] rive  showing LearningQuestion [1/1]
[15:25:15.300] rive  viewport 1280x800 @1x
[15:25:15.341] rive  wrote /tmp/q-click.png
[23:19:40.541] rive  built build/moyo_learning_question.riv (165071 bytes, 146ms, 0 errors, 0 warnings)
[23:19:40.544] rive  showing LearningQuestion [1/1]
[23:19:45.488] rive  built build/moyo_learning_question.riv (165071 bytes, 132ms, 0 errors, 0 warnings)
[23:19:45.490] rive  showing LearningQuestion [1/1]
[23:19:52.531] rive  built build/moyo_learning_question.riv (165071 bytes, 146ms, 0 errors, 0 warnings)
[23:19:52.533] rive  showing LearningQuestion [1/1]
[23:20:01.459] rive  built build/moyo_learning_question.riv (165071 bytes, 168ms, 0 errors, 0 warnings)
[23:20:01.462] rive  showing LearningQuestion [1/1]
[09:29:49.608] rive  verified (0 bytes, 144ms, 0 errors, 0 warnings)
[09:29:55.793] rive  built build/moyo_learning_question.riv (165071 bytes, 135ms, 0 errors, 0 warnings)
[09:29:55.796] rive  showing LearningQuestion [1/1]
[09:29:55.796] rive  viewport 1280x800 @1x
[09:29:55.860] rive  wrote ./build/moyo_learning_question.png
[09:30:56.129] rive  built build/moyo_learning_question.riv (165071 bytes, 151ms, 0 errors, 0 warnings)
[09:30:56.131] rive  data: phase = 5
[09:30:56.131] rive  data: answered = true
[09:30:56.131] rive  data: correct = true
[09:30:56.131] rive  data: uiOpacity = 1
[09:30:56.131] rive  data: feedbackTitle = Nice work
[09:30:56.131] rive  data: feedbackBody = 1/2 is correct — you matched the numerator.
[09:30:56.131] rive  data: hintVisible = true
[09:30:56.131] rive  data: hintAvailable = true
[09:30:56.131] rive  data: hintText = Count the shaded parts first.
[09:30:56.131] rive  data: answerText = 1/2
[09:30:56.131] rive  data: answerValid = true
[09:30:56.131] rive  data: prompt = Which fraction is shaded?
[09:30:56.131] rive  data: questionNumber = 2
[09:30:56.131] rive  data: questionTotal = 5
[09:30:56.134] rive  showing LearningQuestion [1/1]
[09:30:56.134] rive  viewport 1280x800 @1x
[09:30:56.224] rive  wrote build/feedback-style.png
[09:52:57.723] rive  verified (0 bytes, 150ms, 0 errors, 0 warnings)
[09:52:57.944] rive  built build/moyo_learning_question.riv (165071 bytes, 132ms, 0 errors, 0 warnings)
[09:52:57.946] rive  data: phase = 5
[09:52:57.946] rive  data: answered = true
[09:52:57.946] rive  data: correct = true
[09:52:57.946] rive  data: uiOpacity = 1
[09:52:57.946] rive  data: feedbackTitle = Nice work
[09:52:57.946] rive  data: feedbackBody = 1/2 is correct — you matched the numerator.
[09:52:57.946] rive  data: answerText = 1/2
[09:52:57.946] rive  data: answerValid = true
[09:52:57.946] rive  data: prompt = Which fraction is shaded?
[09:52:57.946] rive  data: questionNumber = 2
[09:52:57.946] rive  data: questionTotal = 5
[09:52:57.948] rive  showing LearningQuestion [1/1]
[09:52:57.949] rive  viewport 1280x800 @1x
[09:52:58.012] rive  wrote build/feedback-style2.png
